// Jest Snapshot v1, https://goo.gl/fbAQLP

exports[`<Request /> should render correctly 1`] = `
<WithStyles(ForwardRef(Grid))
  container={true}
  spacing={4}
  xs={12}
>
  <WithStyles(ForwardRef(Grid))
    id="requestItemContainer"
    item={true}
    xs={4}
  >
    <RequestRewards
      is_completed={true}
      items={
        Array [
          Object {
            "giver": Object {
              "display_name": "James Lee",
              "username": "James",
            },
            "id": "1",
            "item": Object {
              "display_name": "Hug",
              "id": "202",
            },
          },
          Object {
            "giver": Object {
              "display_name": "Sean Tran",
              "username": "Sean",
            },
            "id": "2",
            "item": Object {
              "display_name": "Coffee",
              "id": "201",
            },
          },
        ]
      }
      refreshTable={[Function]}
      requestID="1"
      rewards={
        Array [
          Object {
            "display_name": "Coffee",
            "id": "201",
          },
          Object {
            "display_name": "Hug",
            "id": "202",
          },
        ]
      }
    />
  </WithStyles(ForwardRef(Grid))>
  <WithStyles(ForwardRef(Grid))
    id="requestItemContainer"
    item={true}
    xs={3}
  >
    <IouTask
      details="Clean the fridge"
    />
  </WithStyles(ForwardRef(Grid))>
  <WithStyles(ForwardRef(Grid))
    id="requestItemContainer"
    item={true}
    xs={1}
  >
    <IouProof
      imagePK="Some ID"
      proof_of_debt={false}
    />
  </WithStyles(ForwardRef(Grid))>
  <WithStyles(ForwardRef(Grid))
    id="requestProofContainer"
    item={true}
    xs={3}
  >
    <IouComplete
      author="James"
      claimed_time="02/02/2020"
      completed_by="Kevin"
      created_time="01/01/2020"
      details="Clean the fridge"
      id="1"
      iouType={2}
      is_completed={true}
      refreshTable={[Function]}
      rewards={
        Array [
          Object {
            "giver": Object {
              "display_name": "James Lee",
              "username": "James",
            },
            "id": "1",
            "item": Object {
              "display_name": "Hug",
              "id": "202",
            },
          },
          Object {
            "giver": Object {
              "display_name": "Sean Tran",
              "username": "Sean",
            },
            "id": "2",
            "item": Object {
              "display_name": "Coffee",
              "id": "201",
            },
          },
        ]
      }
    />
  </WithStyles(ForwardRef(Grid))>
  <WithStyles(ForwardRef(Grid))
    id="requestItemContainer"
    item={true}
    xs={1}
  >
    <RequestInfo
      refreshTable={[Function]}
      request={
        Object {
          "author": Object {
            "display_name": "James Lee",
            "username": "James",
          },
          "completed_by": Object {
            "display_name": "Kevin Leung",
            "username": "Kevin",
          },
          "completion_time": "02/02/2020",
          "created_time": "01/01/2020",
          "details": "Clean the fridge",
          "id": "1",
          "is_completed": true,
          "proof_of_completion": "Some ID",
          "rewards": Array [
            Object {
              "giver": Object {
                "display_name": "James Lee",
                "username": "James",
              },
              "id": "1",
              "item": Object {
                "display_name": "Hug",
                "id": "202",
              },
            },
            Object {
              "giver": Object {
                "display_name": "Sean Tran",
                "username": "Sean",
              },
              "id": "2",
              "item": Object {
                "display_name": "Coffee",
                "id": "201",
              },
            },
          ],
        }
      }
    />
  </WithStyles(ForwardRef(Grid))>
</WithStyles(ForwardRef(Grid))>
`;
